[2026-02-20 22:29:31] USER:Alena | EVENT:process_start | PID:0 NAME:System Idle Process
[2026-02-20 22:29:31] USER:Alena | EVENT:process_start | PID:4 NAME:System
[2026-02-20 22:29:31] USER:Alena | EVENT:process_start | PID:12296 NAME:RuntimeBroker.exe
[2026-02-20 22:29:31] USER:Alena | EVENT:process_start | PID:4112 NAME:chrome.exe
[2026-02-20 22:29:31] USER:Alena | EVENT:process_start | PID:9232 NAME:svchost.exe
[2026-02-20 22:29:31] USER:Alena | EVENT:process_start | PID:4120 NAME:svchost.exe
[2026-02-20 22:29:31] USER:Alena | EVENT:process_start | PID:8228 NAME:SearchIndexer.exe
[2026-02-20 22:29:31] USER:Alena | EVENT:process_start | PID:24612 NAME:conhost.exe
[2026-02-20 22:29:31] USER:Alena | EVENT:process_start | PID:32808 NAME:chrome.exe
[2026-02-20 22:29:31] USER:Alena | EVENT:process_start | PID:34856 NAME:Spotify.exe
[2026-02-20 22:29:31] USER:Alena | EVENT:process_start | PID:23592 NAME:SystemSettings.exe
[2026-02-20 22:29:31] USER:Alena | EVENT:process_start | PID:9264 NAME:wsl.exe
[2026-02-20 22:29:31] USER:Alena | EVENT:process_start | PID:11312 NAME:conhost.exe
[2026-02-20 22:29:31] USER:Alena | EVENT:process_start | PID:21552 NAME:chrome.exe
[2026-02-20 22:29:31] USER:Alena | EVENT:process_start | PID:4148 NAME:GameManagerService.exe
[2026-02-20 22:29:31] USER:Alena | EVENT:process_start | PID:17460 NAME:OverwolfBrowser.exe
[2026-02-20 22:29:31] USER:Alena | EVENT:process_start | PID:19508 NAME:chrome.exe
[2026-02-20 22:29:31] USER:Alena | EVENT:process_start | PID:18488 NAME:RvRvpnGui.exe
[2026-02-20 22:29:31] USER:Alena | EVENT:process_start | PID:4156 NAME:nvcontainer.exe
[2026-02-20 22:29:31] USER:Alena | EVENT:process_start | PID:2112 NAME:svchost.exe
[2026-02-20 22:29:31] USER:Alena | EVENT:process_start | PID:36928 NAME:Spotify.exe
[2026-02-20 22:29:31] USER:Alena | EVENT:process_start | PID:1088 NAME:svchost.exe
[2026-02-20 22:29:31] USER:Alena | EVENT:process_start | PID:72 NAME:
[2026-02-20 22:29:31] USER:Alena | EVENT:process_start | PID:4168 NAME:WsNativePushService.exe
[2026-02-20 22:29:31] USER:Alena | EVENT:process_start | PID:8264 NAME:RuntimeBroker.exe
[2026-02-20 22:29:31] USER:Alena | EVENT:process_start | PID:14412 NAME:steam.exe
[2026-02-20 22:29:31] USER:Alena | EVENT:process_start | PID:2128 NAME:chrome.exe
[2026-02-20 22:29:31] USER:Alena | EVENT:process_start | PID:4176 NAME:RazerCentralService.exe
[2026-02-20 22:29:31] USER:Alena | EVENT:process_start | PID:20560 NAME:OverwolfHelper64.exe
[2026-02-20 22:29:31] USER:Alena | EVENT:process_start | PID:3152 NAME:Spotify.exe
[2026-02-20 22:29:31] USER:Alena | EVENT:process_start | PID:1116 NAME:fontdrvhost.exe
[2026-02-20 22:29:31] USER:Alena | EVENT:process_start | PID:1120 NAME:fontdrvhost.exe
[2026-02-20 22:29:31] USER:Alena | EVENT:process_start | PID:17504 NAME:chrome.exe
[2026-02-20 22:29:31] USER:Alena | EVENT:process_start | PID:2152 NAME:svchost.exe
[2026-02-20 22:29:31] USER:Alena | EVENT:process_start | PID:37992 NAME:chrome.exe
[2026-02-20 22:29:31] USER:Alena | EVENT:process_start | PID:13420 NAME:svchost.exe
[2026-02-20 22:29:31] USER:Alena | EVENT:process_start | PID:2160 NAME:MemCompression
[2026-02-20 22:29:31] USER:Alena | EVENT:process_start | PID:10352 NAME:chrome.exe
[2026-02-20 22:29:31] USER:Alena | EVENT:process_start | PID:15484 NAME:chrome.exe
[2026-02-20 22:29:31] USER:Alena | EVENT:process_start | PID:33916 NAME:python.exe
[2026-02-20 22:29:31] USER:Alena | EVENT:process_start | PID:17536 NAME:XboxPcAppFT.exe
[2026-02-20 22:29:31] USER:Alena | EVENT:process_start | PID:18564 NAME:WSHelper.exe
[2026-02-20 22:29:31] USER:Alena | EVENT:process_start | PID:24708 NAME:RuntimeBroker.exe
[2026-02-20 22:29:31] USER:Alena | EVENT:process_start | PID:4232 NAME:lghub_updater.exe
[2026-02-20 22:29:31] USER:Alena | EVENT:process_start | PID:26760 NAME:dllhost.exe
[2026-02-20 22:29:31] USER:Alena | EVENT:process_start | PID:11400 NAME:nvsphelper64.exe
[2026-02-20 22:29:31] USER:Alena | EVENT:process_start | PID:27792 NAME:rundll32.exe
[2026-02-20 22:29:31] USER:Alena | EVENT:process_start | PID:148 NAME:Registry
[2026-02-20 22:29:31] USER:Alena | EVENT:process_start | PID:4244 NAME:MpDefenderCoreService.exe
[2026-02-20 22:29:31] USER:Alena | EVENT:process_start | PID:11420 NAME:NVIDIA Overlay.exe
[2026-02-20 22:29:31] USER:Alena | EVENT:process_start | PID:17568 NAME:conhost.exe
[2026-02-20 22:29:31] USER:Alena | EVENT:process_start | PID:4260 NAME:RzSDKServer.exe
[2026-02-20 22:29:31] USER:Alena | EVENT:process_start | PID:24744 NAME:chrome.exe
[2026-02-20 22:29:31] USER:Alena | EVENT:process_start | PID:13480 NAME:svchost.exe
[2026-02-20 22:29:31] USER:Alena | EVENT:process_start | PID:4268 NAME:RzSDKService.exe
[2026-02-20 22:29:31] USER:Alena | EVENT:process_start | PID:24748 NAME:conhost.exe
[2026-02-20 22:29:31] USER:Alena | EVENT:process_start | PID:13484 NAME:svchost.exe
[2026-02-20 22:29:31] USER:Alena | EVENT:process_start | PID:24752 NAME:conhost.exe
[2026-02-20 22:29:31] USER:Alena | EVENT:process_start | PID:9396 NAME:VSHelper.exe
[2026-02-20 22:29:31] USER:Alena | EVENT:process_start | PID:25780 NAME:Spotify.exe
[2026-02-20 22:29:31] USER:Alena | EVENT:process_start | PID:2232 NAME:svchost.exe
[2026-02-20 22:29:31] USER:Alena | EVENT:process_start | PID:4284 NAME:RvControlSvc.exe
[2026-02-20 22:29:31] USER:Alena | EVENT:process_start | PID:6332 NAME:chrome.exe
[2026-02-20 22:29:31] USER:Alena | EVENT:process_start | PID:1212 NAME:svchost.exe
[2026-02-20 22:29:31] USER:Alena | EVENT:process_start | PID:9404 NAME:wireguard.exe
[2026-02-20 22:29:31] USER:Alena | EVENT:process_start | PID:2240 NAME:svchost.exe
[2026-02-20 22:29:31] USER:Alena | EVENT:process_start | PID:36036 NAME:Taskmgr.exe
[2026-02-20 22:29:31] USER:Alena | EVENT:process_start | PID:38084 NAME:svchost.exe
[2026-02-20 22:29:31] USER:Alena | EVENT:process_start | PID:10444 NAME:nvcontainer.exe
[2026-02-20 22:29:31] USER:Alena | EVENT:process_start | PID:11468 NAME:svchost.exe
[2026-02-20 22:29:31] USER:Alena | EVENT:process_start | PID:19660 NAME:wslhost.exe
[2026-02-20 22:29:31] USER:Alena | EVENT:process_start | PID:3292 NAME:WmiPrvSE.exe
[2026-02-20 22:29:31] USER:Alena | EVENT:process_start | PID:12516 NAME:TextInputHost.exe
[2026-02-20 22:29:31] USER:Alena | EVENT:process_start | PID:26852 NAME:wsl.exe
[2026-02-20 22:29:31] USER:Alena | EVENT:process_start | PID:12520 NAME:svchost.exe
[2026-02-20 22:29:31] USER:Alena | EVENT:process_start | PID:16620 NAME:lghub_system_tray.exe
[2026-02-20 22:29:31] USER:Alena | EVENT:process_start | PID:1260 NAME:svchost.exe
[2026-02-20 22:29:31] USER:Alena | EVENT:process_start | PID:4336 NAME:svchost.exe
[2026-02-20 22:29:31] USER:Alena | EVENT:process_start | PID:10480 NAME:nvcontainer.exe
[2026-02-20 22:29:31] USER:Alena | EVENT:process_start | PID:14592 NAME:steamwebhelper.exe
[2026-02-20 22:29:31] USER:Alena | EVENT:process_start | PID:4356 NAME:VSSrv.exe
[2026-02-20 22:29:31] USER:Alena | EVENT:process_start | PID:35076 NAME:splwow64.exe
[2026-02-20 22:29:31] USER:Alena | EVENT:process_start | PID:10504 NAME:nvcontainer.exe
[2026-02-20 22:29:31] USER:Alena | EVENT:process_start | PID:26896 NAME:LockApp.exe
[2026-02-20 22:29:31] USER:Alena | EVENT:process_start | PID:14612 NAME:Razer Synapse Service Process.exe
[2026-02-20 22:29:31] USER:Alena | EVENT:process_start | PID:4380 NAME:WifiAutoInstallSrv.exe
[2026-02-20 22:29:31] USER:Alena | EVENT:process_start | PID:3356 NAME:svchost.exe
[2026-02-20 22:29:31] USER:Alena | EVENT:process_start | PID:15644 NAME:svchost.exe
[2026-02-20 22:29:31] USER:Alena | EVENT:process_start | PID:2336 NAME:svchost.exe
[2026-02-20 22:29:31] USER:Alena | EVENT:process_start | PID:19752 NAME:OverwolfBrowser.exe
[2026-02-20 22:29:31] USER:Alena | EVENT:process_start | PID:1328 NAME:python.exe
[2026-02-20 22:29:31] USER:Alena | EVENT:process_start | PID:18744 NAME:backgroundTaskHost.exe
[2026-02-20 22:29:31] USER:Alena | EVENT:process_start | PID:11576 NAME:StartMenuExperienceHost.exe
[2026-02-20 22:29:31] USER:Alena | EVENT:process_start | PID:15676 NAME:Discord.exe
[2026-02-20 22:29:31] USER:Alena | EVENT:process_start | PID:14656 NAME:steamservice.exe
[2026-02-20 22:29:31] USER:Alena | EVENT:process_start | PID:1344 NAME:svchost.exe
[2026-02-20 22:29:31] USER:Alena | EVENT:process_start | PID:4420 NAME:MsMpEng.exe
[2026-02-20 22:29:31] USER:Alena | EVENT:process_start | PID:12612 NAME:fsnotifier.exe
[2026-02-20 22:29:31] USER:Alena | EVENT:process_start | PID:11588 NAME:wslrelay.exe
[2026-02-20 22:29:31] USER:Alena | EVENT:process_start | PID:1352 NAME:svchost.exe
[2026-02-20 22:29:31] USER:Alena | EVENT:process_start | PID:5448 NAME:RzAppManager
[2026-02-20 22:29:31] USER:Alena | EVENT:process_start | PID:13640 NAME:powershell.exe
[2026-02-20 22:29:31] USER:Alena | EVENT:process_start | PID:2380 NAME:svchost.exe
[2026-02-20 22:29:31] USER:Alena | EVENT:process_start | PID:20812 NAME:conhost.exe
[2026-02-20 22:29:31] USER:Alena | EVENT:process_start | PID:35148 NAME:logi_crashpad_handler.exe
[2026-02-20 22:29:31] USER:Alena | EVENT:process_start | PID:24912 NAME:Spotify.exe
[2026-02-20 22:29:31] USER:Alena | EVENT:process_start | PID:2388 NAME:svchost.exe
[2026-02-20 22:29:31] USER:Alena | EVENT:process_start | PID:20820 NAME:chrome.exe
[2026-02-20 22:29:31] USER:Alena | EVENT:process_start | PID:34132 NAME:msedge.exe
[2026-02-20 22:29:31] USER:Alena | EVENT:process_start | PID:9560 NAME:conhost.exe
[2026-02-20 22:29:31] USER:Alena | EVENT:process_start | PID:4444 NAME:wireguard.exe
[2026-02-20 22:29:31] USER:Alena | EVENT:process_start | PID:31068 NAME:chrome.exe
[2026-02-20 22:29:31] USER:Alena | EVENT:process_start | PID:35164 NAME:wslhost.exe
[2026-02-20 22:29:31] USER:Alena | EVENT:process_start | PID:17756 NAME:ShellExperienceHost.exe
[2026-02-20 22:29:31] USER:Alena | EVENT:process_start | PID:15712 NAME:YourPhoneAppProxy.exe
[2026-02-20 22:29:31] USER:Alena | EVENT:process_start | PID:17764 NAME:RuntimeBroker.exe
[2026-02-20 22:29:31] USER:Alena | EVENT:process_start | PID:5480 NAME:RzBTLEManager
[2026-02-20 22:29:31] USER:Alena | EVENT:process_start | PID:9580 NAME:sihost.exe
[2026-02-20 22:29:31] USER:Alena | EVENT:process_start | PID:4464 NAME:wslservice.exe
[2026-02-20 22:29:31] USER:Alena | EVENT:process_start | PID:31092 NAME:msedge.exe
[2026-02-20 22:29:31] USER:Alena | EVENT:process_start | PID:4472 NAME:WMIRegistrationService.exe
[2026-02-20 22:29:31] USER:Alena | EVENT:process_start | PID:14716 NAME:steamwebhelper.exe
[2026-02-20 22:29:31] USER:Alena | EVENT:process_start | PID:13692 NAME:NVIDIA Overlay.exe
[2026-02-20 22:29:31] USER:Alena | EVENT:process_start | PID:4480 NAME:svchost.exe
[2026-02-20 22:29:31] USER:Alena | EVENT:process_start | PID:36224 NAME:svchost.exe
[2026-02-20 22:29:31] USER:Alena | EVENT:process_start | PID:1412 NAME:dwm.exe
[2026-02-20 22:29:31] USER:Alena | EVENT:process_start | PID:5508 NAME:conhost.exe
[2026-02-20 22:29:32] USER:Alena | EVENT:process_start | PID:5516 NAME:conhost.exe
[2026-02-20 22:29:32] USER:Alena | EVENT:process_start | PID:3472 NAME:svchost.exe
[2026-02-20 22:29:32] USER:Alena | EVENT:process_start | PID:34192 NAME:msedge.exe
[2026-02-20 22:29:32] USER:Alena | EVENT:process_start | PID:18836 NAME:OverwolfBrowser.exe
[2026-02-20 22:29:32] USER:Alena | EVENT:process_start | PID:7572 NAME:chrome.exe
[2026-02-20 22:29:32] USER:Alena | EVENT:process_start | PID:8600 NAME:chrome.exe
[2026-02-20 22:29:32] USER:Alena | EVENT:process_start | PID:3480 NAME:svchost.exe
[2026-02-20 22:29:32] USER:Alena | EVENT:process_start | PID:12700 NAME:steamwebhelper.exe
[2026-02-20 22:29:32] USER:Alena | EVENT:process_start | PID:15772 NAME:Zapret.exe
[2026-02-20 22:29:32] USER:Alena | EVENT:process_start | PID:3488 NAME:svchost.exe
[2026-02-20 22:29:32] USER:Alena | EVENT:process_start | PID:26024 NAME:conhost.exe
[2026-02-20 22:29:32] USER:Alena | EVENT:process_start | PID:32168 NAME:svchost.exe
[2026-02-20 22:29:32] USER:Alena | EVENT:process_start | PID:9644 NAME:svchost.exe
[2026-02-20 22:29:32] USER:Alena | EVENT:process_start | PID:8628 NAME:svchost.exe
[2026-02-20 22:29:32] USER:Alena | EVENT:process_start | PID:5556 NAME:RzChromaConnectManager
[2026-02-20 22:29:32] USER:Alena | EVENT:process_start | PID:34228 NAME:Spotify.exe
[2026-02-20 22:29:32] USER:Alena | EVENT:process_start | PID:22972 NAME:chrome.exe
[2026-02-20 22:29:32] USER:Alena | EVENT:process_start | PID:15816 NAME:dllhost.exe
[2026-02-20 22:29:32] USER:Alena | EVENT:process_start | PID:16844 NAME:OverwolfBrowser.exe
[2026-02-20 22:29:32] USER:Alena | EVENT:process_start | PID:9684 NAME:svchost.exe
[2026-02-20 22:29:32] USER:Alena | EVENT:process_start | PID:38356 NAME:svchost.exe
[2026-02-20 22:29:32] USER:Alena | EVENT:process_start | PID:2520 NAME:svchost.exe
[2026-02-20 22:29:32] USER:Alena | EVENT:process_start | PID:30168 NAME:msedge.exe
[2026-02-20 22:29:32] USER:Alena | EVENT:process_start | PID:1500 NAME:svchost.exe
[2026-02-20 22:29:32] USER:Alena | EVENT:process_start | PID:6628 NAME:dasHost.exe
[2026-02-20 22:29:32] USER:Alena | EVENT:process_start | PID:10724 NAME:svchost.exe
[2026-02-20 22:29:32] USER:Alena | EVENT:process_start | PID:33252 NAME:msrdc.exe
[2026-02-20 22:29:32] USER:Alena | EVENT:process_start | PID:1508 NAME:svchost.exe
[2026-02-20 22:29:32] USER:Alena | EVENT:process_start | PID:16872 NAME:chrome.exe
[2026-02-20 22:29:32] USER:Alena | EVENT:process_start | PID:5608 NAME:conhost.exe
[2026-02-20 22:29:32] USER:Alena | EVENT:process_start | PID:2548 NAME:svchost.exe
[2026-02-20 22:29:32] USER:Alena | EVENT:process_start | PID:6648 NAME:svchost.exe
[2026-02-20 22:29:32] USER:Alena | EVENT:process_start | PID:508 NAME:smss.exe
[2026-02-20 22:29:32] USER:Alena | EVENT:process_start | PID:20992 NAME:conhost.exe
[2026-02-20 22:29:32] USER:Alena | EVENT:process_start | PID:16900 NAME:BlueStacksServices.exe
[2026-02-20 22:29:32] USER:Alena | EVENT:process_start | PID:24068 NAME:WINWORD.EXE
[2026-02-20 22:29:32] USER:Alena | EVENT:process_start | PID:7688 NAME:chrome.exe
[2026-02-20 22:29:32] USER:Alena | EVENT:process_start | PID:14860 NAME:steamwebhelper.exe
[2026-02-20 22:29:32] USER:Alena | EVENT:process_start | PID:7692 NAME:Discord.exe
[2026-02-20 22:29:32] USER:Alena | EVENT:process_start | PID:6676 NAME:Zapret.exe
[2026-02-20 22:29:32] USER:Alena | EVENT:process_start | PID:3604 NAME:svchost.exe
[2026-02-20 22:29:32] USER:Alena | EVENT:process_start | PID:19988 NAME:OverwolfHelper.exe
[2026-02-20 22:29:32] USER:Alena | EVENT:process_start | PID:8728 NAME:svchost.exe
[2026-02-20 22:29:32] USER:Alena | EVENT:process_start | PID:18968 NAME:svchost.exe
[2026-02-20 22:29:32] USER:Alena | EVENT:process_start | PID:24088 NAME:full-line-inference.exe
[2026-02-20 22:29:32] USER:Alena | EVENT:process_start | PID:27164 NAME:cef_server.exe
[2026-02-20 22:29:32] USER:Alena | EVENT:process_start | PID:18980 NAME:svchost.exe
[2026-02-20 22:29:32] USER:Alena | EVENT:process_start | PID:7716 NAME:svchost.exe
[2026-02-20 22:29:32] USER:Alena | EVENT:process_start | PID:5680 NAME:RzChromaConnectServer
[2026-02-20 22:29:32] USER:Alena | EVENT:process_start | PID:11824 NAME:svchost.exe
[2026-02-20 22:29:32] USER:Alena | EVENT:process_start | PID:2620 NAME:Discord.exe
[2026-02-20 22:29:32] USER:Alena | EVENT:process_start | PID:5692 NAME:conhost.exe
[2026-02-20 22:29:32] USER:Alena | EVENT:process_start | PID:7740 NAME:gamingservices.exe
[2026-02-20 22:29:32] USER:Alena | EVENT:process_start | PID:3648 NAME:svchost.exe
[2026-02-20 22:29:32] USER:Alena | EVENT:process_start | PID:7748 NAME:gamingservicesnet.exe
[2026-02-20 22:29:32] USER:Alena | EVENT:process_start | PID:13896 NAME:PhoneExperienceHost.exe
[2026-02-20 22:29:32] USER:Alena | EVENT:process_start | PID:16972 NAME:OpenConsole.exe
[2026-02-20 22:29:32] USER:Alena | EVENT:process_start | PID:11852 NAME:RuntimeBroker.exe
[2026-02-20 22:29:32] USER:Alena | EVENT:process_start | PID:36428 NAME:logi_crashpad_handler.exe
[2026-02-20 22:29:32] USER:Alena | EVENT:process_start | PID:34384 NAME:msedge.exe
[2026-02-20 22:29:32] USER:Alena | EVENT:process_start | PID:596 NAME:winlogon.exe
[2026-02-20 22:29:32] USER:Alena | EVENT:process_start | PID:8788 NAME:vmmem
[2026-02-20 22:29:32] USER:Alena | EVENT:process_start | PID:11860 NAME:CompPkgSrv.exe
[2026-02-20 22:29:32] USER:Alena | EVENT:process_start | PID:26196 NAME:vmwp.exe
[2026-02-20 22:29:32] USER:Alena | EVENT:process_start | PID:1624 NAME:svchost.exe
[2026-02-20 22:29:32] USER:Alena | EVENT:process_start | PID:9816 NAME:taskhostw.exe
[2026-02-20 22:29:32] USER:Alena | EVENT:process_start | PID:15960 NAME:audiodg.exe
[2026-02-20 22:29:32] USER:Alena | EVENT:process_start | PID:2664 NAME:svchost.exe
[2026-02-20 22:29:32] USER:Alena | EVENT:process_start | PID:5736 NAME:RzDeviceManager
[2026-02-20 22:29:32] USER:Alena | EVENT:process_start | PID:17008 NAME:BlueStacksServices.exe
[2026-02-20 22:29:32] USER:Alena | EVENT:process_start | PID:35444 NAME:chrome.exe
[2026-02-20 22:29:32] USER:Alena | EVENT:process_start | PID:5748 NAME:conhost.exe
[2026-02-20 22:29:32] USER:Alena | EVENT:process_start | PID:2680 NAME:BlueStacksServices.exe
[2026-02-20 22:29:32] USER:Alena | EVENT:process_start | PID:11896 NAME:svchost.exe
[2026-02-20 22:29:32] USER:Alena | EVENT:process_start | PID:6780 NAME:svchost.exe
[2026-02-20 22:29:32] USER:Alena | EVENT:process_start | PID:15996 NAME:chrome.exe
[2026-02-20 22:29:32] USER:Alena | EVENT:process_start | PID:1664 NAME:svchost.exe
[2026-02-20 22:29:32] USER:Alena | EVENT:process_start | PID:3712 NAME:svchost.exe
[2026-02-20 22:29:32] USER:Alena | EVENT:process_start | PID:25224 NAME:conhost.exe
[2026-02-20 22:29:32] USER:Alena | EVENT:process_start | PID:2704 NAME:svchost.exe
[2026-02-20 22:29:32] USER:Alena | EVENT:process_start | PID:8856 NAME:svchost.exe
[2026-02-20 22:29:32] USER:Alena | EVENT:process_start | PID:5788 NAME:RzDiagnostic
[2026-02-20 22:29:32] USER:Alena | EVENT:process_start | PID:9884 NAME:svchost.exe
[2026-02-20 22:29:32] USER:Alena | EVENT:process_start | PID:1696 NAME:svchost.exe
[2026-02-20 22:29:32] USER:Alena | EVENT:process_start | PID:36512 NAME:Spotify.exe
[2026-02-20 22:29:32] USER:Alena | EVENT:process_start | PID:6820 NAME:UserOOBEBroker.exe
[2026-02-20 22:29:32] USER:Alena | EVENT:process_start | PID:15012 NAME:steamwebhelper.exe
[2026-02-20 22:29:32] USER:Alena | EVENT:process_start | PID:1704 NAME:svchost.exe
[2026-02-20 22:29:32] USER:Alena | EVENT:process_start | PID:5800 NAME:conhost.exe
[2026-02-20 22:29:32] USER:Alena | EVENT:process_start | PID:21164 NAME:conhost.exe
[2026-02-20 22:29:32] USER:Alena | EVENT:process_start | PID:3756 NAME:spoolsv.exe
[2026-02-20 22:29:32] USER:Alena | EVENT:process_start | PID:20144 NAME:chrome.exe
[2026-02-20 22:29:32] USER:Alena | EVENT:process_start | PID:12980 NAME:NVIDIA Overlay.exe
[2026-02-20 22:29:32] USER:Alena | EVENT:process_start | PID:5812 NAME:conhost.exe
[2026-02-20 22:29:32] USER:Alena | EVENT:process_start | PID:4800 NAME:svchost.exe
[2026-02-20 22:29:32] USER:Alena | EVENT:process_start | PID:18112 NAME:chrome.exe
[2026-02-20 22:29:32] USER:Alena | EVENT:process_start | PID:17092 NAME:chrome.exe
[2026-02-20 22:29:32] USER:Alena | EVENT:process_start | PID:1732 NAME:Discord.exe
[2026-02-20 22:29:32] USER:Alena | EVENT:process_start | PID:1736 NAME:svchost.exe
[2026-02-20 22:29:32] USER:Alena | EVENT:process_start | PID:716 NAME:jhi_service.exe
[2026-02-20 22:29:32] USER:Alena | EVENT:process_start | PID:2764 NAME:svchost.exe
[2026-02-20 22:29:32] USER:Alena | EVENT:process_start | PID:720 NAME:csrss.exe
[2026-02-20 22:29:32] USER:Alena | EVENT:process_start | PID:5840 NAME:RzIoTDeviceManager
[2026-02-20 22:29:32] USER:Alena | EVENT:process_start | PID:2772 NAME:RzChromaStreamServer.exe
[2026-02-20 22:29:32] USER:Alena | EVENT:process_start | PID:19156 NAME:OverwolfBrowser.exe
[2026-02-20 22:29:32] USER:Alena | EVENT:process_start | PID:1748 NAME:MoUsoCoreWorker.exe
[2026-02-20 22:29:32] USER:Alena | EVENT:process_start | PID:7892 NAME:svchost.exe
[2026-02-20 22:29:32] USER:Alena | EVENT:process_start | PID:6872 NAME:dllhost.exe
[2026-02-20 22:29:32] USER:Alena | EVENT:process_start | PID:13020 NAME:NVIDIA Overlay.exe
[2026-02-20 22:29:32] USER:Alena | EVENT:process_start | PID:5852 NAME:conhost.exe
[2026-02-20 22:29:32] USER:Alena | EVENT:process_start | PID:31456 NAME:chrome.exe
[2026-02-20 22:29:32] USER:Alena | EVENT:process_start | PID:20192 NAME:dllhost.exe
[2026-02-20 22:29:32] USER:Alena | EVENT:process_start | PID:26348 NAME:cef_server.exe
[2026-02-20 22:29:32] USER:Alena | EVENT:process_start | PID:10992 NAME:SecurityHealthService.exe
[2026-02-20 22:29:32] USER:Alena | EVENT:process_start | PID:15100 NAME:steamwebhelper.exe
[2026-02-20 22:29:32] USER:Alena | EVENT:process_start | PID:25340 NAME:cef_server.exe
[2026-02-20 22:29:32] USER:Alena | EVENT:process_start | PID:1788 NAME:svchost.exe
[2026-02-20 22:29:32] USER:Alena | EVENT:process_start | PID:1796 NAME:svchost.exe
[2026-02-20 22:29:32] USER:Alena | EVENT:process_start | PID:2832 NAME:svchost.exe
[2026-02-20 22:29:32] USER:Alena | EVENT:process_start | PID:19216 NAME:svchost.exe
[2026-02-20 22:29:32] USER:Alena | EVENT:process_start | PID:5904 NAME:RzSmartlightingDeviceManager
[2026-02-20 22:29:32] USER:Alena | EVENT:process_start | PID:25364 NAME:cef_server.exe
[2026-02-20 22:29:32] USER:Alena | EVENT:process_start | PID:17176 NAME:lghub_agent.exe
[2026-02-20 22:29:32] USER:Alena | EVENT:process_start | PID:5916 NAME:conhost.exe
[2026-02-20 22:29:32] USER:Alena | EVENT:process_start | PID:31520 NAME:msedge.exe
[2026-02-20 22:29:32] USER:Alena | EVENT:process_start | PID:3884 NAME:svchost.exe
[2026-02-20 22:29:32] USER:Alena | EVENT:process_start | PID:16172 NAME:Discord.exe
[2026-02-20 22:29:32] USER:Alena | EVENT:process_start | PID:2864 NAME:svchost.exe
[2026-02-20 22:29:32] USER:Alena | EVENT:process_start | PID:12080 NAME:SearchApp.exe
[2026-02-20 22:29:32] USER:Alena | EVENT:process_start | PID:1844 NAME:svchost.exe
[2026-02-20 22:29:32] USER:Alena | EVENT:process_start | PID:2872 NAME:svchost.exe
[2026-02-20 22:29:32] USER:Alena | EVENT:process_start | PID:1848 NAME:svchost.exe
[2026-02-20 22:29:32] USER:Alena | EVENT:process_start | PID:21308 NAME:WsToastNotification.exe
[2026-02-20 22:29:32] USER:Alena | EVENT:process_start | PID:25408 NAME:wslhost.exe
[2026-02-20 22:29:32] USER:Alena | EVENT:process_start | PID:12096 NAME:svchost.exe
[2026-02-20 22:29:32] USER:Alena | EVENT:process_start | PID:20288 NAME:wsl.exe
[2026-02-20 22:29:32] USER:Alena | EVENT:process_start | PID:29508 NAME:GameBarPresenceWriter.exe
[2026-02-20 22:29:32] USER:Alena | EVENT:process_start | PID:5956 NAME:RzWDLDeviceManager
[2026-02-20 22:29:32] USER:Alena | EVENT:process_start | PID:15176 NAME:chrome.exe
[2026-02-20 22:29:32] USER:Alena | EVENT:process_start | PID:21328 NAME:ApplicationFrameHost.exe
[2026-02-20 22:29:32] USER:Alena | EVENT:process_start | PID:12116 NAME:Telegram.exe
[2026-02-20 22:29:32] USER:Alena | EVENT:process_start | PID:5976 NAME:conhost.exe
[2026-02-20 22:29:32] USER:Alena | EVENT:process_start | PID:18268 NAME:v2RayTun.exe
[2026-02-20 22:29:32] USER:Alena | EVENT:process_start | PID:10084 NAME:svchost.exe
[2026-02-20 22:29:32] USER:Alena | EVENT:process_start | PID:10092 NAME:WindowsPackageManagerServer.exe
[2026-02-20 22:29:32] USER:Alena | EVENT:process_start | PID:880 NAME:wininit.exe
[2026-02-20 22:29:32] USER:Alena | EVENT:process_start | PID:21360 NAME:pycharm64.exe
[2026-02-20 22:29:32] USER:Alena | EVENT:process_start | PID:1904 NAME:NVDisplay.Container.exe
[2026-02-20 22:29:32] USER:Alena | EVENT:process_start | PID:20336 NAME:chrome.exe
[2026-02-20 22:29:32] USER:Alena | EVENT:process_start | PID:29556 NAME:unsecapp.exe
[2026-02-20 22:29:32] USER:Alena | EVENT:process_start | PID:35700 NAME:taskhostw.exe
[2026-02-20 22:29:32] USER:Alena | EVENT:process_start | PID:888 NAME:csrss.exe
[2026-02-20 22:29:32] USER:Alena | EVENT:process_start | PID:1912 NAME:svchost.exe
[2026-02-20 22:29:32] USER:Alena | EVENT:process_start | PID:30588 NAME:Launcher.exe
[2026-02-20 22:29:32] USER:Alena | EVENT:process_start | PID:10112 NAME:explorer.exe
[2026-02-20 22:29:32] USER:Alena | EVENT:process_start | PID:18308 NAME:jusched.exe
[2026-02-20 22:29:32] USER:Alena | EVENT:process_start | PID:27532 NAME:chrome.exe
[2026-02-20 22:29:32] USER:Alena | EVENT:process_start | PID:7056 NAME:chrome.exe
[2026-02-20 22:29:32] USER:Alena | EVENT:process_start | PID:10128 NAME:chrome.exe
[2026-02-20 22:29:32] USER:Alena | EVENT:process_start | PID:1944 NAME:wslhost.exe
[2026-02-20 22:29:32] USER:Alena | EVENT:process_start | PID:16284 NAME:svchost.exe
[2026-02-20 22:29:32] USER:Alena | EVENT:process_start | PID:38812 NAME:steamwebhelper.exe
[2026-02-20 22:29:32] USER:Alena | EVENT:process_start | PID:10144 NAME:ctfmon.exe
[2026-02-20 22:29:32] USER:Alena | EVENT:process_start | PID:2984 NAME:NVDisplay.Container.exe
[2026-02-20 22:29:32] USER:Alena | EVENT:process_start | PID:14252 NAME:RuntimeBroker.exe
[2026-02-20 22:29:32] USER:Alena | EVENT:process_start | PID:22444 NAME:vmcompute.exe
[2026-02-20 22:29:32] USER:Alena | EVENT:process_start | PID:16304 NAME:Overwolf.exe
[2026-02-20 22:29:32] USER:Alena | EVENT:process_start | PID:952 NAME:services.exe
[2026-02-20 22:29:32] USER:Alena | EVENT:process_start | PID:36792 NAME:svchost.exe
[2026-02-20 22:29:32] USER:Alena | EVENT:process_start | PID:960 NAME:LsaIso.exe
[2026-02-20 22:29:32] USER:Alena | EVENT:process_start | PID:1984 NAME:svchost.exe
[2026-02-20 22:29:32] USER:Alena | EVENT:process_start | PID:14272 NAME:chrome.exe
[2026-02-20 22:29:32] USER:Alena | EVENT:process_start | PID:36800 NAME:WINWORD.EXE
[2026-02-20 22:29:32] USER:Alena | EVENT:process_start | PID:8136 NAME:AggregatorHost.exe
[2026-02-20 22:29:32] USER:Alena | EVENT:process_start | PID:4044 NAME:svchost.exe
[2026-02-20 22:29:32] USER:Alena | EVENT:process_start | PID:8140 NAME:Razer Synapse Service.exe
[2026-02-20 22:29:32] USER:Alena | EVENT:process_start | PID:23504 NAME:steamwebhelper.exe
[2026-02-20 22:29:32] USER:Alena | EVENT:process_start | PID:2000 NAME:svchost.exe
[2026-02-20 22:29:32] USER:Alena | EVENT:process_start | PID:10192 NAME:svchost.exe
[2026-02-20 22:29:32] USER:Alena | EVENT:process_start | PID:980 NAME:lsass.exe
[2026-02-20 22:29:32] USER:Alena | EVENT:process_start | PID:17364 NAME:svchost.exe
[2026-02-20 22:29:32] USER:Alena | EVENT:process_start | PID:23508 NAME:chrome.exe
[2026-02-20 22:29:32] USER:Alena | EVENT:process_start | PID:4056 NAME:svchost.exe
[2026-02-20 22:29:32] USER:Alena | EVENT:process_start | PID:35808 NAME:msedge.exe
[2026-02-20 22:29:32] USER:Alena | EVENT:process_start | PID:4064 NAME:svchost.exe
[2026-02-20 22:29:32] USER:Alena | EVENT:process_start | PID:12256 NAME:Discord.exe
[2026-02-20 22:29:32] USER:Alena | EVENT:process_start | PID:9188 NAME:svchost.exe
[2026-02-20 22:29:32] USER:Alena | EVENT:process_start | PID:8172 NAME:NisSrv.exe
[2026-02-20 22:29:32] USER:Alena | EVENT:process_start | PID:16364 NAME:BlueStacksServices.exe
[2026-02-20 22:29:32] USER:Alena | EVENT:process_start | PID:4080 NAME:svchost.exe
[2026-02-20 22:29:32] USER:Alena | EVENT:process_start | PID:8176 NAME:svchost.exe
[2026-02-20 22:29:32] USER:Alena | EVENT:process_start | PID:13300 NAME:NVIDIA Overlay.exe
[2026-02-20 22:29:32] USER:Alena | EVENT:process_start | PID:18424 NAME:RuntimeBroker.exe
[2026-02-20 22:29:32] USER:Alena | EVENT:process_start | PID:11260 NAME:svchost.exe
[2026-02-20 22:29:38] USER:Alena | EVENT:process_start | PID:16656 NAME:chrome.exe
[2026-02-20 22:29:38] USER:Alena | EVENT:process_start | PID:32060 NAME:chrome.exe
[2026-02-20 22:29:38] USER:Alena | EVENT:process_end | PID:21552
[2026-02-20 22:29:40] USER:Alena | EVENT:process_start | PID:22700 NAME:chrome.exe
